
as12, an absolute assembler for Motorola MCU's, version 1.2h

                        ;##############################################################################
                        ;                                 Tarea #4
                        ;   Fecha: 05 de Febrero de 2021
                        ;   Autor: Luis guillermo Ramirez y Roberto Sï¿½nchez
                        ;
                        ;   Este programa tiene como fin leer el teclado matricual que ccontiene la tarjeta
                        ;   Drago 12+, para ello se genera un flujo iterativo que estï¿½ reccoriendose
                        ;   en busca de que se presione una tecla. PPara ello se genera una subrutina que
                        ;   identifica si se presionï¿½ algo. El dato presionado se almacena en memoria y
                        ;   luego se mueve a un array de datos. Tambiï¿½n tiene una interrupciï¿½n de tiempo
                        ;   real y una por botï¿½n.
                        ;##############################################################################
                        
                        #include registers.inc
                        ; Memory maps and register equates
                        ; Choose one of DBUG12MAP (normal operation under DBUG12)
                        ;               EEPROMMAP  (DBUG12 in EEPROM mode)
                        ;               FLASHMAP   (Program loaded into Flash ROM)
0000                    DBUG12MAP equ 0        ; Memory mode is DBUG12MAP
                        ; EEPROMMAP equ 0         ; Memory mode is EEPROMMAP
                        #ifdef DBUG12MAP
0000                    REGBASE        equ        $0        ; register base
1000                    DATASTART equ        $1000        ; Start of data memory
2000                    DATAEND  equ        $2000        ; Stack pointer initial value (end of data RAM area)
2000                    PRSTART equ        $2000        ; Start of program memory (might be ROM)
3bff                    PREND        equ        $3BFF        ; End of program memory
                        
                        ; Functions in D-Bug12
ee84                    Getchar        equ        $EE84        ; Implemented in emulator
ee86                    Putchar equ        $EE86   ; Implemented in emulator
ee88                    Printf  equ     $EE88
ee8a                    GetCmdLine equ  $EE8A   ; FAR call
ee8e                    Sscanhex equ        $EE8E   ; FAR call
ee92                    Isxdigit equ    $EE92
ee94                    Toupper equ     $EE94
ee96                    Isalpha equ     $EE96
ee98                    Strlen  equ     $EE98
ee9a                    Strcpy  equ     $EE9A
ee9c                    Out2hex equ     $EE9C   ; FAR call
eea0                    Out4hex equ     $EEA0   ; FAR call
eea4                    SetUserVector equ $EEA4 ; No longer used
eea6                    WriteEEByte equ $EEA6   ; FAR call
eeaa                    EraseEE equ     $EEAA   ; FAR call
eeae                    ReadMem equ     $EEAE   ; FAR call
eeb2                    WriteMem equ    $EEB2   ; FAR call
                        
3e00                    VECTORTABLE equ $3E00        ; Vectors go here SHOULD ALSO INITIALIZE AT RUNTIME
0000                    STATICVECTORS equ 0        ; Define vectors statically (in "ROM")
0000                    INITIALIZEVECTORS equ 0        ; Initialize vectors at runtime
                        #endif
                        
                        #ifdef EEPROMMAP
                        REGBASE        equ        $0        ; register base MAY BE MOVED TO MAKE FULL EEPROM ACCESSABLE
                        DATASTART equ        $1000        ; Start of data memory
                        DATAEND  equ        $3E00        ; Stack pointer initial value (end of data RAM area)
                        PRSTART equ        $400        ; Start of program memory
                        PREND        equ        $FFF        ; End of program memory
                        
                        VECTORTABLE equ $3E00        ; Vectors go here -- MUST BE INITIALIZED AT RUNTIME
                        INITIALIZEVECTORS equ 0        ; Initialize vectors at runtime
                        #endif
                        
                        #ifdef FLASHMAP
                        REGBASE        equ        $0        ; register base MAY BE MOVED TO MAKE FULL EEPROM ACCESSABLE
                        DATASTART equ        $1000        ; Start of data memory
                        DATAEND  equ        $4000        ; Stack pointer initial value (end of data RAM area)
                        PRSTART equ        $8000        ; Start of program memory
                        ; Note -- there are problems using the current free assemblers with paged memory
                        ; Best bet is to use logical addresses $8000 up only, set page register to 3E,
                        ; Change S1 records for $8000-BFFF to S2 records for page 3E and S1 records for $C000-$EFFF to
                        ; page 3F. Program startup vector goes in EFFE, and needs to be iin page 3F so PPAGE can be changed. 
                        PREND        equ        $EF7F        ; End of program memory
                        
                        VECTORTABLE equ $EF80        ; Vectors go here -- MUST BE INITIALIZED STATICALLY
                        STATICVECTORS equ 0        ; Define vectors statically (in "ROM")
                        #endif
                        
                        
1000                    RAMSTART equ        DATASTART ; For compatibility
2000                    RAMEND equ        DATAEND   
                        
3e00                    UserRsrv0x80 equ (0*2)+VECTORTABLE
3e02                    UserRsrv0x82 equ (1*2)+VECTORTABLE
3e04                    UserRsrv0x84 equ (2*2)+VECTORTABLE
3e06                    UserRsrv0x86 equ (3*2)+VECTORTABLE
3e08                    UserRsrv0x88 equ (4*2)+VECTORTABLE
3e0a                    UserRsrv0x8a equ (5*2)+VECTORTABLE
3e0c                    UserPWMShDn equ (6*2)+VECTORTABLE
3e0e                    UserPortP equ (7*2)+VECTORTABLE
3e10                    UserMSCAN4Tx equ (8*2)+VECTORTABLE
3e12                    UserMSCAN4Rx equ (9*2)+VECTORTABLE
3e14                    UserMSCAN4Errs equ (10*2)+VECTORTABLE
3e16                    UserMSCAN4Wake equ (11*2)+VECTORTABLE
3e18                    UserMSCAN3Tx equ (12*2)+VECTORTABLE
3e1a                    UserMSCAN3Rx equ (13*2)+VECTORTABLE
3e1c                    UserMSCAN3Errs equ (14*2)+VECTORTABLE
3e1e                    UserMSCAN3Wake equ (15*2)+VECTORTABLE
3e20                    UserMSCAN2Tx equ (16*2)+VECTORTABLE
3e22                    UserMSCAN2Rx equ (17*2)+VECTORTABLE
3e24                    UserMSCAN2Errs equ (18*2)+VECTORTABLE
3e26                    UserMSCAN2Wake equ (19*2)+VECTORTABLE
3e28                    UserMSCAN1Tx equ (20*2)+VECTORTABLE
3e2a                    UserMSCAN1Rx equ (21*2)+VECTORTABLE
3e2c                    UserMSCAN1Errs equ (22*2)+VECTORTABLE
3e2e                    UserMSCAN1Wake equ (23*2)+VECTORTABLE
3e30                    UserMSCAN0Tx equ (24*2)+VECTORTABLE
3e32                    UserMSCAN0Rx equ (25*2)+VECTORTABLE
3e34                    UserMSCAN0Errs equ (26*2)+VECTORTABLE
3e36                    UserMSCAN0Wake equ (27*2)+VECTORTABLE
3e38                    UserFlash equ (28*2)+VECTORTABLE
3e3a                    UserEEPROM equ (29*2)+VECTORTABLE
3e3c                    UserSPI2 equ (30*2)+VECTORTABLE
3e3e                    UserSPI1 equ (31*2)+VECTORTABLE
3e40                    UserIIC equ (32*2)+VECTORTABLE
3e42                    UserDLC equ (33*2)+VECTORTABLE
3e44                    UserSCME equ (34*2)+VECTORTABLE
3e46                    UserCRG equ (35*2)+VECTORTABLE
3e48                    UserPAccBOv equ (36*2)+VECTORTABLE
3e4a                    UserModDwnCtr equ (37*2)+VECTORTABLE
3e4c                    UserPortH equ (38*2)+VECTORTABLE
3e4e                    UserPortJ equ (39*2)+VECTORTABLE
3e50                    UserAtoD1 equ (40*2)+VECTORTABLE
3e52                    UserAtoD0 equ (41*2)+VECTORTABLE
3e54                    UserSCI1 equ (42*2)+VECTORTABLE
3e56                    UserSCI0 equ (43*2)+VECTORTABLE
3e58                    UserSPI0 equ (44*2)+VECTORTABLE
3e5a                    UserPAccEdge equ (45*2)+VECTORTABLE
3e5c                    UserPAccOvf equ (46*2)+VECTORTABLE
3e5e                    UserTimerOvf equ (47*2)+VECTORTABLE
3e60                    UserTimerCh7 equ (48*2)+VECTORTABLE
3e62                    UserTimerCh6 equ (49*2)+VECTORTABLE
3e64                    UserTimerCh5 equ (50*2)+VECTORTABLE
3e66                    UserTimerCh4 equ (51*2)+VECTORTABLE
3e68                    UserTimerCh3 equ (52*2)+VECTORTABLE
3e6a                    UserTimerCh2 equ (53*2)+VECTORTABLE
3e6c                    UserTimerCh1 equ (54*2)+VECTORTABLE
3e6e                    UserTimerCh0 equ (55*2)+VECTORTABLE
3e70                    UserRTI equ (56*2)+VECTORTABLE
3e72                    UserIRQ equ (57*2)+VECTORTABLE
3e74                    UserXIRQ equ (58*2)+VECTORTABLE
3e76                    UserSWI equ (59*2)+VECTORTABLE
3e78                    UserTrap equ (60*2)+VECTORTABLE
                        
                        
                        *
                        *
                        *  HC12 i/o register locations (9s12dp256)
                        *
                        *
0000                    PORTA:          equ REGBASE+0   ;port a = address lines a8 - a15
0001                    PORTB:          equ REGBASE+1   ;port b = address lines a0 - a7
0002                    DDRA:           equ REGBASE+2   ;port a direction register
0003                    DDRB:           equ REGBASE+3   ;port b direction register
                        
0008                    PORTE:          equ REGBASE+8   ;port e = mode,irq and control signals
0009                    DDRE:           equ REGBASE+9   ;port e direction register
000a                    PEAR:           equ REGBASE+$a  ;port e assignments
000b                    MODE:           equ REGBASE+$b  ;mode register
000c                    PUCR:           equ REGBASE+$c  ;port pull-up control register
000d                    RDRIV:          equ REGBASE+$d  ;port reduced drive control register
000e                    EBICTL:                equ REGBASE+$e  ;e stretch control
                        
0010                    INITRM:         equ REGBASE+$10 ;ram location register
0011                    INITRG:         equ REGBASE+$11 ;register location register
0012                    INITEE:         equ REGBASE+$12 ;eeprom location register
0013                    MISC:           equ REGBASE+$13 ;miscellaneous mapping control
0014                    MTST0:          equ REGBASE+$14 ; reserved
0015                    ITCR:           equ REGBASE+$15 ;interrupt test control register
0016                    ITEST:          equ REGBASE+$16 ;interrupt test register
0017                    MTST1:          equ REGBASE+$17 ; reserved
                        
001a                    PARTIDH:        equ REGBASE+$1a ;part id high
001b                    PARTIDL:        equ REGBASE+$1b ;part id low
001c                    MEMSIZ0:        equ REGBASE+$1c ;memory size
001d                    MEMSIZ1:        equ REGBASE+$1d ;memory size
001e                    IRQCR:          equ REGBASE+$1e ;interrupt control register
001e                    INTCR:          equ REGBASE+$1e ;interrupt control register (old name)
001f                    HPRIO:          equ REGBASE+$1f ;high priority reg
                        
0028                    BKPCT0:         equ REGBASE+$28 ;break control register
0029                    BKPCT1:         equ REGBASE+$29 ;break control register
002a                    BKP0X:          equ REGBASE+$2a ; break 0 index register
002b                    BKP0H:          equ REGBASE+$2b ; break 0 pointer high
002c                    BRP0L:          equ REGBASE+$2c ; break 0 pointer low
002d                    BKP1X:          equ REGBASE+$2d ; break 1 index register
002e                    BKP1H:          equ REGBASE+$2e ; break 1 pointer high
002f                    BRP1L:          equ REGBASE+$2f ; break 1 pointer low
0030                    PPAGE:                equ REGBASE+$30 ;program page register
                        
0032                    PORTK:                equ REGBASE+$32 ;port k data
0033                    DDRK:                equ REGBASE+$33 ;port k direction
                        
0034                    SYNR:           equ REGBASE+$34 ; synthesizer / multiplier register
0035                    REFDV:          equ REGBASE+$35 ; reference divider register
0036                    CTFLG:          equ REGBASE+$36 ; reserved
0037                    CRGFLG:         equ REGBASE+$37 ; pll flags register
0038                    CRGINT:         equ REGBASE+$38 ; pll interrupt register
0039                    CLKSEL:         equ REGBASE+$39 ; clock select register
003a                    PLLCTL:         equ REGBASE+$3a ; pll control register
003b                    RTICTL:         equ REGBASE+$3b ;real time interrupt control
003c                    COPCTL:         equ REGBASE+$3c ;watchdog control
003d                    FORBYP:         equ REGBASE+$3d ;
003e                    CTCTL:          equ REGBASE+$3e ;
003f                    ARMCOP:         equ REGBASE+$3f ;cop reset register
                        
0040                    TIOS:           equ REGBASE+$40 ;timer input/output select
0041                    CFORC:          equ REGBASE+$41 ;timer compare force
0042                    OC7M:           equ REGBASE+$42 ;timer output compare 7 mask
0043                    OC7D:           equ REGBASE+$43 ;timer output compare 7 data
0044                    TCNT:           equ REGBASE+$44 ;timer counter register hi
                        *TCNT:          equ REGBASE+$45 ;timer counter register lo
0046                    TSCR:           equ REGBASE+$46 ;timer system control register (Old Name)
0046                    TSCR1:          equ REGBASE+$46 ;timer system control register
0047                    TTOV:           equ REGBASE+$47 ;reserved
0048                    TCTL1:          equ REGBASE+$48 ;timer control register 1
0049                    TCTL2:          equ REGBASE+$49 ;timer control register 2
004a                    TCTL3:          equ REGBASE+$4a ;timer control register 3
004b                    TCTL4:          equ REGBASE+$4b ;timer control register 4
004c                    TMSK1:          equ REGBASE+$4c ;timer interrupt mask 1 (Old Name)
004c                    TIE:            equ REGBASE+$4c ;timer interrupt mask 1
004d                    TMSK2:          equ REGBASE+$4d ;timer interrupt mask 2 (Old Name)
004d                    TSCR2:          equ REGBASE+$4d ;timer interrupt mask 2
004e                    TFLG1:          equ REGBASE+$4e ;timer flags 1
004f                    TFLG2:          equ REGBASE+$4f ;timer flags 2
0050                    TC0:            equ REGBASE+$50 ;timer capture/compare register 0
0052                    TC1:            equ REGBASE+$52 ;timer capture/compare register 1
0054                    TC2:            equ REGBASE+$54 ;timer capture/compare register 2
0056                    TC3:            equ REGBASE+$56 ;timer capture/compare register 3
0058                    TC4:            equ REGBASE+$58 ;timer capture/compare register 4
005a                    TC5:            equ REGBASE+$5a ;timer capture/compare register 5
005c                    TC6:            equ REGBASE+$5c ;timer capture/compare register 6
005e                    TC7:            equ REGBASE+$5e ;timer capture/compare register 7
0060                    PACTL:          equ REGBASE+$60 ;pulse accumulator controls
0061                    PAFLG:          equ REGBASE+$61 ;pulse accumulator flags
0062                    PACN3:          equ REGBASE+$62 ;pulse accumulator counter 3
0063                    PACN2:          equ REGBASE+$63 ;pulse accumulator counter 2
0064                    PACN1:          equ REGBASE+$64 ;pulse accumulator counter 1
0065                    PACN0:          equ REGBASE+$65 ;pulse accumulator counter 0
0066                    MCCTL:          equ REGBASE+$66 ;modulus down conunter control
0067                    MCFLG:          equ REGBASE+$67 ;down counter flags
0068                    ICPAR:          equ REGBASE+$68 ;input pulse accumulator control
0069                    DLYCT:          equ REGBASE+$69 ;delay count to down counter
006a                    ICOVW:          equ REGBASE+$6a ;input control overwrite register
006b                    ICSYS:          equ REGBASE+$6b ;input control system control
                        
006d                    TIMTST:         equ REGBASE+$6d ;timer test register
                        
0070                    PBCTL:          equ REGBASE+$70 ; pulse accumulator b control
0071                    PBFLG:          equ REGBASE+$71 ; pulse accumulator b flags
0072                    PA3H:           equ REGBASE+$72 ; pulse accumulator holding register 3
0073                    PA2H:           equ REGBASE+$73 ; pulse accumulator holding register 2
0074                    PA1H:           equ REGBASE+$74 ; pulse accumulator holding register 1
0075                    PA0H:           equ REGBASE+$75 ; pulse accumulator holding register 0
0076                    MCCNT:          equ REGBASE+$76 ; modulus down counter register
                        *MCCNTL:        equ REGBASE+$77 ; low byte
0078                    TCOH:           equ REGBASE+$78 ; capture 0 holding register
007a                    TC1H:           equ REGBASE+$7a ; capture 1 holding register
007c                    TC2H:           equ REGBASE+$7c ; capture 2 holding register
007e                    TC3H:           equ REGBASE+$7e ; capture 3 holding register
                        
0080                    ATD0CTL0:       equ REGBASE+$80 ;adc control 0 (reserved)
0081                    ATD0CTL1:       equ REGBASE+$81 ;adc control 1 (reserved)
0082                    ATD0CTL2:       equ REGBASE+$82 ;adc control 2
0083                    ATD0CTL3:       equ REGBASE+$83 ;adc control 3
0084                    ATD0CTL4:       equ REGBASE+$84 ;adc control 4
0085                    ATD0CTL5:       equ REGBASE+$85 ;adc control 5
0086                    ATD0STAT:       equ REGBASE+$86 ;adc status register hi
0086                    ATD0STAT0:      equ REGBASE+$86 ;adc status register hi
008b                    ATD0STAT1:      equ REGBASE+$8b ;adc status register lo
0088                    ATD0TEST:       equ REGBASE+$88 ;adc test (reserved)
                        *atd0test       equ REGBASE+$89 ;
                        
008d                    ATD0DIEN:        equ REGBASE+$8d ;
                        
008f                    PORTAD:         equ REGBASE+$8f ;port adc = input only
0090                    ADR00H:         equ REGBASE+$90 ;adc result 0 register
0092                    ADR01H:         equ REGBASE+$92 ;adc result 1 register
0094                    ADR02H:         equ REGBASE+$94 ;adc result 2 register
0096                    ADR03H:         equ REGBASE+$96 ;adc result 3 register
0098                    ADR04H:         equ REGBASE+$98 ;adc result 4 register
009a                    ADR05H:         equ REGBASE+$9a ;adc result 5 register
009c                    ADR06H:         equ REGBASE+$9c ;adc result 6 register
009e                    ADR07H:         equ REGBASE+$9e ;adc result 7 register
                        
00a0                    PWME:                equ REGBASE+$a0 ;pwm enable
00a1                    PWMPOL:         equ REGBASE+$a1 ;pwm polarity
00a2                    PWMCLK:         equ REGBASE+$a2 ;pwm clock select register
00a3                    PWMPRCLK:       equ REGBASE+$a3 ;pwm prescale clock select register
00a4                    PWMCAE:         equ REGBASE+$a4 ;pwm center align select register
00a5                    PWMCTL:         equ REGBASE+$a5 ;pwm control register
00a6                    PWMTST:         equ REGBASE+$a6 ;reserved
00a7                    PWMPRSC:        equ REGBASE+$a7 ;reserved
00a8                    PWMSCLA:        equ REGBASE+$a8 ;pwm scale a
00a9                    PWMSCLB:        equ REGBASE+$a9 ;pwm scale b
00aa                    PWMSCNTA:       equ REGBASE+$aa ;reserved
00ab                    PWMSCNTB:       equ REGBASE+$ab ;reserved
00ac                    PWMCNT0:        equ REGBASE+$ac ;pwm channel 0 counter
00ad                    PWMCNT1:        equ REGBASE+$ad ;pwm channel 1 counter
00ae                    PWMCNT2:        equ REGBASE+$ae ;pwm channel 2 counter
00af                    PWMCNT3:        equ REGBASE+$af ;pwm channel 3 counter
00b0                    PWMCNT4:        equ REGBASE+$b0 ;pwm channel 4 counter
00b1                    PWMCNT5:        equ REGBASE+$b1 ;pwm channel 5 counter
00b2                    PWMCNT6:        equ REGBASE+$b2 ;pwm channel 6 counter
00b3                    PWMCNT7:        equ REGBASE+$b3 ;pwm channel 7 counter
00b4                    PWMPER0:        equ REGBASE+$b4 ;pwm channel 0 period
00b5                    PWMPER1:        equ REGBASE+$b5 ;pwm channel 1 period
00b6                    PWMPER2:        equ REGBASE+$b6 ;pwm channel 2 period
00b7                    PWMPER3:        equ REGBASE+$b7 ;pwm channel 3 period
00b8                    PWMPER4:        equ REGBASE+$b8 ;pwm channel 4 period
00b9                    PWMPER5:        equ REGBASE+$b9 ;pwm channel 5 period
00ba                    PWMPER6:        equ REGBASE+$ba ;pwm channel 6 period
00bb                    PWMPER7:        equ REGBASE+$bb ;pwm channel 7 period
00bc                    PWMDTY0:        equ REGBASE+$bc ;pwm channel 0 duty cycle
00bd                    PWMDTY1:        equ REGBASE+$bd ;pwm channel 1 duty cycle
00be                    PWMDTY2:        equ REGBASE+$be ;pwm channel 2 duty cycle
00bf                    PWMDTY3:        equ REGBASE+$bf ;pwm channel 3 duty cycle
00c0                    PWMDTY4:        equ REGBASE+$c0 ;pwm channel 4 duty cycle
00c1                    PWMDTY5:        equ REGBASE+$c1 ;pwm channel 5 duty cycle
00c2                    PWMDTY6:        equ REGBASE+$c2 ;pwm channel 6 duty cycle
00c3                    PWMDTY7:        equ REGBASE+$c3 ;pwm channel 7 duty cycle
00c4                    PWMSDN:         equ REGBASE+$c4 ;pwm shutdown register
                        
00c8                    SC0BDH:         equ REGBASE+$c8 ;sci 0 baud reg hi byte
00c9                    SC0BDL:         equ REGBASE+$c9 ;sci 0 baud reg lo byte
00ca                    SC0CR1:         equ REGBASE+$ca ;sci 0 control1 reg
00cb                    SC0CR2:         equ REGBASE+$cb ;sci 0 control2 reg
00cc                    SC0SR1:         equ REGBASE+$cc ;sci 0 status reg 1
00cd                    SC0SR2:         equ REGBASE+$cd ;sci 0 status reg 2
00ce                    SC0DRH:         equ REGBASE+$ce ;sci 0 data reg hi
00cf                    SC0DRL:         equ REGBASE+$cf ;sci 0 data reg lo
                        
00d0                    SC1BDH:         equ REGBASE+$d0 ;sci 1 baud reg hi byte
00d1                    SC1BDL:         equ REGBASE+$d1 ;sci 1 baud reg lo byte
00d2                    SC1CR1:         equ REGBASE+$d2 ;sci 1 control1 reg
00d3                    SC1CR2:         equ REGBASE+$d3 ;sci 1 control2 reg
00d4                    SC1SR1:         equ REGBASE+$d4 ;sci 1 status reg 1
00d5                    SC1SR2:         equ REGBASE+$d5 ;sci 1 status reg 2
00d6                    SC1DRH:         equ REGBASE+$d6 ;sci 1 data reg hi
00d7                    SC1DRL:         equ REGBASE+$d7 ;sci 1 data reg lo
                        
00d8                    SPI0CR1:        equ REGBASE+$d8 ;spi 0 control1 reg
00d9                    SPI0CR2:        equ REGBASE+$d9 ;spi 0 control2 reg
00da                    SPI0BR:         equ REGBASE+$da ;spi 0 baud reg
00db                    SPI0SR:         equ REGBASE+$db ;spi 0 status reg hi
00dd                    SP0DR:          equ REGBASE+$dd ;spi 0 data reg  FOR COMPATIBILITY
00dd                    SPI0DR:          equ REGBASE+$dd ;spi 0 data reg
                        
00e0                    IBAD:                equ REGBASE+$e0 ;i2c bus address register
00e1                    IBFD:                equ REGBASE+$e1 ;i2c bus frequency divider
00e2                    IBCR:                equ REGBASE+$e2 ;i2c bus control register
00e3                    IBSR:                equ REGBASE+$e3 ;i2c bus status register
00e4                    IBDR:                equ REGBASE+$e4 ;i2c bus message data register
                        
00e8                    DLCBCR1:        equ REGBASE+$e8 ;bdlc control regsiter 1
00e9                    DLCBSVR:        equ REGBASE+$e9 ;bdlc state vector register
00ea                    DLCBCR2:        equ REGBASE+$ea ;bdlc control register 2
00eb                    DLCBDR:                equ REGBASE+$eb ;bdlc data register
00ec                    DLCBARD:        equ REGBASE+$ec ;bdlc analog delay register
00ed                    DLCBRSR:        equ REGBASE+$ed ;bdlc rate select register
00ee                    DLCSCR:                equ REGBASE+$ee ;bdlc control register
00ef                    DLCBSTAT:        equ REGBASE+$ef ;bdlc status register
                        
00f0                    SPI1CR1:        equ REGBASE+$f0 ;spi 1 control1 reg
00f1                    SPI1CR2:        equ REGBASE+$f1 ;spi 1 control2 reg
00f2                    SPI1BR:         equ REGBASE+$f2 ;spi 1 baud reg
00f3                    SPI1SR:         equ REGBASE+$f3 ;spi 1 status reg hi
00f5                    SPI1DR:          equ REGBASE+$f5 ;spi 1 data reg
00f5                    SP1DR:          equ REGBASE+$f5 ;spi 1 data reg   FOR COMPATIBILITY
                        
00f8                    SPI2CR1:        equ REGBASE+$f8 ;spi 2 control1 reg
00f9                    SPI2CR2:        equ REGBASE+$f9 ;spi 2 control2 reg
00fa                    SPI2BR:         equ REGBASE+$fa ;spi 2 baud reg
00fb                    SPI2SR:         equ REGBASE+$fb ;spi 2 status reg hi
00fd                    SPI2DR:         equ REGBASE+$fd ;spi 2 data reg
00fd                    SP2DR:          equ REGBASE+$fd ;spi 2 data reg   FOR COMPATIBILITY
                        
0100                    FCLKDIV:        equ REGBASE+$100 ;flash clock divider
0101                    FSEC:                equ REGBASE+$101 ;flash security register
                        
0103                    FCNFG:                equ REGBASE+$103 ;flash configuration register
0104                    FPROT:                equ REGBASE+$104 ;flash protection register
0105                    FSTAT:                equ REGBASE+$105 ;flash status register
0106                    FCMD:                equ REGBASE+$106 ;flash command register
                        
0110                    ECLKDIV:        equ REGBASE+$110 ;eeprom clock divider
                        
0113                    ECNFG:                equ REGBASE+$113 ;eeprom configuration register
0114                    EPROT:                equ REGBASE+$114 ;eeprom protection register
0115                    ESTAT:                equ REGBASE+$115 ;eeprom status register
0116                    ECMD:                equ REGBASE+$116 ;eeprom command register
                        
0120                    ATD1CTL0:       equ REGBASE+$120 ;adc1 control 0 (reserved)
0121                    ATD1CTL1:       equ REGBASE+$121 ;adc1 control 1 (reserved)
0122                    ATD1CTL2:       equ REGBASE+$122 ;adc1 control 2
0123                    ATD1CTL3:       equ REGBASE+$123 ;adc1 control 3
0124                    ATD1CTL4:       equ REGBASE+$124 ;adc1 control 4
0125                    ATD1CTL5:       equ REGBASE+$125 ;adc1 control 5
0126                    ATD1STAT0:      equ REGBASE+$126 ;adc1 status register hi
012b                    ATD1STAT1:      equ REGBASE+$12b ;adc1 status register lo
0128                    ATD1TEST:       equ REGBASE+$128 ;adc1 test (reserved)
                        *atd1test       equ REGBASE+$129 ;
                        
012d                    ATDDIEN:        equ REGBASE+$12d ;adc1 input enable register
                        
012f                    PORTAD1:        equ REGBASE+$12f ;port adc1 = input only
0130                    ADR10H:         equ REGBASE+$130 ;adc1 result 0 register
0132                    ADR11H:         equ REGBASE+$132 ;adc1 result 1 register
0134                    ADR12H:         equ REGBASE+$134 ;adc1 result 2 register
0136                    ADR13H:         equ REGBASE+$136 ;adc1 result 3 register
0138                    ADR14H:         equ REGBASE+$138 ;adc1 result 4 register
013a                    ADR15H:         equ REGBASE+$13a ;adc1 result 5 register
013c                    ADR16H:         equ REGBASE+$13c ;adc1 result 6 register
013e                    ADR17H:         equ REGBASE+$13e ;adc1 result 7 register
                        
0140                    CAN0CTL0:        equ REGBASE+$140 ;can0 control register 0
0141                    CAN0CTL1:        equ REGBASE+$141 ;can0 control register 1
0142                    CAN0BTR0:        equ REGBASE+$142 ;can0 bus timing register 0
0143                    CAN0BTR1:        equ REGBASE+$143 ;can0 bus timing register 1
0144                    CAN0RFLG:        equ REGBASE+$144 ;can0 receiver flags
0145                    CAN0RIER:        equ REGBASE+$145 ;can0 receiver interrupt enables
0146                    CAN0TFLG:        equ REGBASE+$146 ;can0 transmit flags
0147                    CAN0TIER:        equ REGBASE+$147 ;can0 transmit interrupt enables
0148                    CAN0TARQ:        equ REGBASE+$148 ;can0 transmit message abort control
0149                    CAN0TAAK:        equ REGBASE+$149 ;can0 transmit message abort status
014a                    CAN0TBEL:        equ REGBASE+$14a ;can0 transmit buffer select
014b                    CAN0IDAC:        equ REGBASE+$14b ;can0 identfier acceptance control
                        
014e                    CAN0RERR:        equ REGBASE+$14e ;can0 receive error counter
014f                    CAN0TERR:        equ REGBASE+$14f ;can0 transmit error counter
0150                    CAN0IDA0:        equ REGBASE+$150 ;can0 identifier acceptance register 0
0151                    CAN0IDA1:        equ REGBASE+$151 ;can0 identifier acceptance register 1
0152                    CAN0IDA2:        equ REGBASE+$152 ;can0 identifier acceptance register 2
0153                    CAN0IDA3:        equ REGBASE+$153 ;can0 identifier acceptance register 3
0154                    CAN0IDM0:        equ REGBASE+$154 ;can0 identifier mask register 0
0155                    CAN0IDM1:        equ REGBASE+$155 ;can0 identifier mask register 1
0156                    CAN0IDM2:        equ REGBASE+$156 ;can0 identifier mask register 2
0157                    CAN0IDM3:        equ REGBASE+$157 ;can0 identifier mask register 3
0158                    CAN0IDA4:        equ REGBASE+$158 ;can0 identifier acceptance register 4
0159                    CAN0IDA5:        equ REGBASE+$159 ;can0 identifier acceptance register 5
015a                    CAN0IDA6:        equ REGBASE+$15a ;can0 identifier acceptance register 6
015b                    CAN0IDA7:        equ REGBASE+$15b ;can0 identifier acceptance register 7
015c                    CAN0IDM4:        equ REGBASE+$15c ;can0 identifier mask register 4
015d                    CAN0IDM5:        equ REGBASE+$15d ;can0 identifier mask register 5
015e                    CAN0IDM6:        equ REGBASE+$15e ;can0 identifier mask register 6
015f                    CAN0IDM7:        equ REGBASE+$15f ;can0 identifier mask register 7
0160                    CAN0RXFG:        equ REGBASE+$160 ;can0 rx foreground buffer thru +$16f
0170                    CAN0TXFG:        equ REGBASE+$170 ;can0 tx foreground buffer thru +$17f
                        
0180                    CAN1CTL0:        equ REGBASE+$180 ;can1 control register 0
0181                    CAN1CTL1:        equ REGBASE+$181 ;can1 control register 1
0182                    CAN1BTR0:        equ REGBASE+$182 ;can1 bus timing register 0
0183                    CAN1BTR1:        equ REGBASE+$183 ;can1 bus timing register 1
0184                    CAN1RFLG:        equ REGBASE+$184 ;can1 receiver flags
0185                    CAN1RIER:        equ REGBASE+$185 ;can1 receiver interrupt enables
0186                    CAN1TFLG:        equ REGBASE+$186 ;can1 transmit flags
0187                    CAN1TIER:        equ REGBASE+$187 ;can1 transmit interrupt enables
0188                    CAN1TARQ:        equ REGBASE+$188 ;can1 transmit message abort control
0189                    CAN1TAAK:        equ REGBASE+$189 ;can1 transmit message abort status
018a                    CAN1TBEL:        equ REGBASE+$18a ;can1 transmit buffer select
018b                    CAN1IDAC:        equ REGBASE+$18b ;can1 identfier acceptance control
                        
018e                    CAN1RERR:        equ REGBASE+$18e ;can1 receive error counter
018f                    CAN1TERR:        equ REGBASE+$18f ;can1 transmit error counter
0190                    CAN1IDA0:        equ REGBASE+$190 ;can1 identifier acceptance register 0
0191                    CAN1IDA1:        equ REGBASE+$191 ;can1 identifier acceptance register 1
0192                    CAN1IDA2:        equ REGBASE+$192 ;can1 identifier acceptance register 2
0193                    CAN1IDA3:        equ REGBASE+$193 ;can1 identifier acceptance register 3
0194                    CAN1IDM0:        equ REGBASE+$194 ;can1 identifier mask register 0
0195                    CAN1IDM1:        equ REGBASE+$195 ;can1 identifier mask register 1
0196                    CAN1IDM2:        equ REGBASE+$196 ;can1 identifier mask register 2
0197                    CAN1IDM3:        equ REGBASE+$197 ;can1 identifier mask register 3
0198                    CAN1IDA4:        equ REGBASE+$198 ;can1 identifier acceptance register 4
0199                    CAN1IDA5:        equ REGBASE+$199 ;can1 identifier acceptance register 5
019a                    CAN1IDA6:        equ REGBASE+$19a ;can1 identifier acceptance register 6
019b                    CAN1IDA7:        equ REGBASE+$19b ;can1 identifier acceptance register 7
019c                    CAN1IDM4:        equ REGBASE+$19c ;can1 identifier mask register 4
019d                    CAN1IDM5:        equ REGBASE+$19d ;can1 identifier mask register 5
019e                    CAN1IDM6:        equ REGBASE+$19e ;can1 identifier mask register 6
019f                    CAN1IDM7:        equ REGBASE+$19f ;can1 identifier mask register 7
01a0                    CAN1RXFG:        equ REGBASE+$1a0 ;can1 rx foreground buffer thru +$1af
01b0                    CAN1TXFG:        equ REGBASE+$1b0 ;can1 tx foreground buffer thru +$1bf
                        
01c0                    CAN2CTL0:        equ REGBASE+$1c0 ;can2 control register 0
01c1                    CAN2CTL1:        equ REGBASE+$1c1 ;can2 control register 1
01c2                    CAN2BTR0:        equ REGBASE+$1c2 ;can2 bus timing register 0
01c3                    CAN2BTR1:        equ REGBASE+$1c3 ;can2 bus timing register 1
01c4                    CAN2RFLG:        equ REGBASE+$1c4 ;can2 receiver flags
01c5                    CAN2RIER:        equ REGBASE+$1c5 ;can2 receiver interrupt enables
01c6                    CAN2TFLG:        equ REGBASE+$1c6 ;can2 transmit flags
01c7                    CAN2TIER:        equ REGBASE+$1c7 ;can2 transmit interrupt enables
01c8                    CAN2TARQ:        equ REGBASE+$1c8 ;can2 transmit message abort control
01c9                    CAN2TAAK:        equ REGBASE+$1c9 ;can2 transmit message abort status
01ca                    CAN2TBEL:        equ REGBASE+$1ca ;can2 transmit buffer select
01cb                    CAN2IDAC:        equ REGBASE+$1cb ;can2 identfier acceptance control
                        
01ce                    CAN2RERR:        equ REGBASE+$1ce ;can2 receive error counter
01cf                    CAN2TERR:        equ REGBASE+$1cf ;can2 transmit error counter
01d0                    CAN2IDA0:        equ REGBASE+$1d0 ;can2 identifier acceptance register 0
01d1                    CAN2IDA1:        equ REGBASE+$1d1 ;can2 identifier acceptance register 1
01d2                    CAN2IDA2:        equ REGBASE+$1d2 ;can2 identifier acceptance register 2
01d3                    CAN2IDA3:        equ REGBASE+$1d3 ;can2 identifier acceptance register 3
01d4                    CAN2IDM0:        equ REGBASE+$1d4 ;can2 identifier mask register 0
01d5                    CAN2IDM1:        equ REGBASE+$1d5 ;can2 identifier mask register 1
01d6                    CAN2IDM2:        equ REGBASE+$1d6 ;can2 identifier mask register 2
01d7                    CAN2IDM3:        equ REGBASE+$1d7 ;can2 identifier mask register 3
01d8                    CAN2IDA4:        equ REGBASE+$1d8 ;can2 identifier acceptance register 4
01d9                    CAN2IDA5:        equ REGBASE+$1d9 ;can2 identifier acceptance register 5
01da                    CAN2IDA6:        equ REGBASE+$1da ;can2 identifier acceptance register 6
01db                    CAN2IDA7:        equ REGBASE+$1db ;can2 identifier acceptance register 7
01dc                    CAN2IDM4:        equ REGBASE+$1dc ;can2 identifier mask register 4
01dd                    CAN2IDM5:        equ REGBASE+$1dd ;can2 identifier mask register 5
01de                    CAN2IDM6:        equ REGBASE+$1de ;can2 identifier mask register 6
01df                    CAN2IDM7:        equ REGBASE+$1df ;can2 identifier mask register 7
01e0                    CAN2RXFG:        equ REGBASE+$1e0 ;can2 rx foreground buffer thru +$1ef
01f0                    CAN2TXFG:        equ REGBASE+$1f0 ;can2 tx foreground buffer thru +$1ff
                        
0200                    CAN3CTL0:        equ REGBASE+$200 ;can3 control register 0
0201                    CAN3CTL1:        equ REGBASE+$201 ;can3 control register 1
0202                    CAN3BTR0:        equ REGBASE+$202 ;can3 bus timing register 0
0203                    CAN3BTR1:        equ REGBASE+$203 ;can3 bus timing register 1
0204                    CAN3RFLG:        equ REGBASE+$204 ;can3 receiver flags
0205                    CAN3RIER:        equ REGBASE+$205 ;can3 receiver interrupt enables
0206                    CAN3TFLG:        equ REGBASE+$206 ;can3 transmit flags
0207                    CAN3TIER:        equ REGBASE+$207 ;can3 transmit interrupt enables
0208                    CAN3TARQ:        equ REGBASE+$208 ;can3 transmit message abort control
0209                    CAN3TAAK:        equ REGBASE+$209 ;can3 transmit message abort status
020a                    CAN3TBEL:        equ REGBASE+$20a ;can3 transmit buffer select
020b                    CAN3IDAC:        equ REGBASE+$20b ;can3 identfier acceptance control
                        
020e                    CAN3RERR:        equ REGBASE+$20e ;can3 receive error counter
020f                    CAN3TERR:        equ REGBASE+$20f ;can3 transmit error counter
0210                    CAN3IDA0:        equ REGBASE+$210 ;can3 identifier acceptance register 0
0211                    CAN3IDA1:        equ REGBASE+$211 ;can3 identifier acceptance register 1
0212                    CAN3IDA2:        equ REGBASE+$212 ;can3 identifier acceptance register 2
0213                    CAN3IDA3:        equ REGBASE+$213 ;can3 identifier acceptance register 3
0214                    CAN3IDM0:        equ REGBASE+$214 ;can3 identifier mask register 0
0215                    CAN3IDM1:        equ REGBASE+$215 ;can3 identifier mask register 1
0216                    CAN3IDM2:        equ REGBASE+$216 ;can3 identifier mask register 2
0217                    CAN3IDM3:        equ REGBASE+$217 ;can3 identifier mask register 3
0218                    CAN3IDA4:        equ REGBASE+$218 ;can3 identifier acceptance register 4
0219                    CAN3IDA5:        equ REGBASE+$219 ;can3 identifier acceptance register 5
021a                    CAN3IDA6:        equ REGBASE+$21a ;can3 identifier acceptance register 6
021b                    CAN3IDA7:        equ REGBASE+$21b ;can3 identifier acceptance register 7
021c                    CAN3IDM4:        equ REGBASE+$21c ;can3 identifier mask register 4
021d                    CAN3IDM5:        equ REGBASE+$21d ;can3 identifier mask register 5
021e                    CAN3IDM6:        equ REGBASE+$21e ;can3 identifier mask register 6
021f                    CAN3IDM7:        equ REGBASE+$21f ;can3 identifier mask register 7
0220                    CAN3RXFG:        equ REGBASE+$220 ;can3 rx foreground buffer thru +$22f
0230                    CAN3TXFG:        equ REGBASE+$230 ;can3 tx foreground buffer thru +$23f
                        
0240                    PTT:                equ REGBASE+$240 ;portt data register
0241                    PTIT:                equ REGBASE+$241 ;portt input register
0242                    DDRT:                equ REGBASE+$242 ;portt direction register
0243                    RDRT:                equ REGBASE+$243 ;portt reduced drive register
0244                    PERT:                equ REGBASE+$244 ;portt pull device enable
0245                    PPST:                equ REGBASE+$245 ;portt pull polarity select
                        
0248                    PTS:                equ REGBASE+$248 ;ports data register
0249                    PTIS:                equ REGBASE+$249 ;ports input register
024a                    DDRS:                equ REGBASE+$24a ;ports direction register
024b                    RDRS:                equ REGBASE+$24b ;ports reduced drive register
024c                    PERS:                equ REGBASE+$24c ;ports pull device enable
024d                    PPSS:                equ REGBASE+$24d ;ports pull polarity select
024e                    WOMS:                equ REGBASE+$24e ;ports wired or mode register
                        
0250                    PTM:                equ REGBASE+$250 ;portm data register
0251                    PTIM:                equ REGBASE+$251 ;portm input register
0252                    DDRM:                equ REGBASE+$252 ;portm direction register
0253                    RDRM:                equ REGBASE+$253 ;portm reduced drive register
0254                    PERM:                equ REGBASE+$254 ;portm pull device enable
0255                    PPSM:                equ REGBASE+$255 ;portm pull polarity select
0256                    WOMM:                equ REGBASE+$256 ;portm wired or mode register
0257                    MODRR:                equ REGBASE+$257 ;portm module routing register
                        
0258                    PTP:                equ REGBASE+$258 ;portp data register
0259                    PTIP:                equ REGBASE+$259 ;portp input register
025a                    DDRP:                equ REGBASE+$25a ;portp direction register
025b                    RDRP:                equ REGBASE+$25b ;portp reduced drive register
025c                    PERP:                equ REGBASE+$25c ;portp pull device enable
025d                    PPSP:                equ REGBASE+$25d ;portp pull polarity select
025e                    PIEP:                equ REGBASE+$25e ;portp interrupt enable register
025f                    PIFP:                equ REGBASE+$25f ;portp interrupt flag register
                        
0260                    PTH:                equ REGBASE+$260 ;porth data register
0261                    PTIH:                equ REGBASE+$261 ;porth input register
0262                    DDRH:                equ REGBASE+$262 ;porth direction register
0263                    RDRH:                equ REGBASE+$263 ;porth reduced drive register
0264                    PERH:                equ REGBASE+$264 ;porth pull device enable
0265                    PPSH:                equ REGBASE+$265 ;porth pull polarity select
0266                    PIEH:                equ REGBASE+$266 ;porth interrupt enable register
0267                    PIFH:                equ REGBASE+$267 ;porth interrupt flag register
                        
0268                    PTJ:                equ REGBASE+$268 ;portj data register
0269                    PTIJ:                equ REGBASE+$269 ;portj input register
026a                    DDRJ:                equ REGBASE+$26a ;portj direction register
026b                    RDRJ:                equ REGBASE+$26b ;portj reduced drive register
026c                    PERJ:                equ REGBASE+$26c ;portj pull device enable
026d                    PPSJ:                equ REGBASE+$26d ;portj pull polarity select
026e                    PIEJ:                equ REGBASE+$26e ;portj interrupt enable register
026f                    PIFJ:                equ REGBASE+$26f ;portj interrupt flag register
                        
0280                    CAN4CTL0:        equ REGBASE+$280 ;can4 control register 0
0281                    CAN4CTL1:        equ REGBASE+$281 ;can4 control register 1
0282                    CAN4BTR0:        equ REGBASE+$282 ;can4 bus timing register 0
0283                    CAN4BTR1:        equ REGBASE+$283 ;can4 bus timing register 1
0284                    CAN4RFLG:        equ REGBASE+$284 ;can4 receiver flags
0285                    CAN4RIER:        equ REGBASE+$285 ;can4 receiver interrupt enables
0286                    CAN4TFLG:        equ REGBASE+$286 ;can4 transmit flags
0287                    CAN4TIER:        equ REGBASE+$287 ;can4 transmit interrupt enables
0288                    CAN4TARQ:        equ REGBASE+$288 ;can4 transmit message abort control
0289                    CAN4TAAK:        equ REGBASE+$289 ;can4 transmit message abort status
028a                    CAN4TBEL:        equ REGBASE+$28a ;can4 transmit buffer select
028b                    CAN4IDAC:        equ REGBASE+$28b ;can4 identfier acceptance control
                        
028e                    CAN4RERR:        equ REGBASE+$28e ;can4 receive error counter
028f                    CAN4TERR:        equ REGBASE+$28f ;can4 transmit error counter
0290                    CAN4IDA0:        equ REGBASE+$290 ;can4 identifier acceptance register 0
0291                    CAN4IDA1:        equ REGBASE+$291 ;can4 identifier acceptance register 1
0292                    CAN4IDA2:        equ REGBASE+$292 ;can4 identifier acceptance register 2
0293                    CAN4IDA3:        equ REGBASE+$293 ;can4 identifier acceptance register 3
0294                    CAN4IDM0:        equ REGBASE+$294 ;can4 identifier mask register 0
0295                    CAN4IDM1:        equ REGBASE+$295 ;can4 identifier mask register 1
0296                    CAN4IDM2:        equ REGBASE+$296 ;can4 identifier mask register 2
0297                    CAN4IDM3:        equ REGBASE+$297 ;can4 identifier mask register 3
0298                    CAN4IDA4:        equ REGBASE+$298 ;can4 identifier acceptance register 4
0299                    CAN4IDA5:        equ REGBASE+$299 ;can4 identifier acceptance register 5
029a                    CAN4IDA6:        equ REGBASE+$29a ;can4 identifier acceptance register 6
029b                    CAN4IDA7:        equ REGBASE+$29b ;can4 identifier acceptance register 7
029c                    CAN4IDM4:        equ REGBASE+$29c ;can4 identifier mask register 4
029d                    CAN4IDM5:        equ REGBASE+$29d ;can4 identifier mask register 5
029e                    CAN4IDM6:        equ REGBASE+$29e ;can4 identifier mask register 6
029f                    CAN4IDM7:        equ REGBASE+$29f ;can4 identifier mask register 7
02a0                    CAN4RXFG:        equ REGBASE+$2a0 ;can4 rx foreground buffer thru +$2af
02b0                    CAN4TXFG:        equ REGBASE+$2b0 ;can4 tx foreground buffer thru +$2bf
                        
                        * end registers
                        #endinclude

                        
                        ;------------------------------------------------------------------------------
                        ;                       Declaraciones
                        ;------------------------------------------------------------------------------
                        
                                        ;Estructuras de datos:
1000                                    org $1000
1000                    Banderas:       ds 1  ; X:X:X:CambMod:ModActual:ARRAY_OK: TCL_LEIDA:TCL_LISTA
1001 02                 MAX_TCL:        db 2  ; Datos mï¿½ximos
1002                    Tecla:          ds 1  ; Espacio para dato leido
1003                    Tecla_IN:       ds 1  ; Guarda el dato para formar el array
1004                    Cont_Reb:       ds 1
1005                    Cont_TCL:       ds 1  ; Llevar cuenta de nï¿½mero de teclas
1006                    Patron:         ds 1  ; Recorrer el teclado
1007                    Num_Array:      ds 2  ; array de datos
1009                    CUENTA:         ds 1
100a                    AcmPQ:          ds 1
100b                    CantPQ:         ds 1
100c                    TIMER_CUENTA:   ds 1
100d                    LEDS:           ds 1
100e                    BRILLO:         ds 1
100f                    CONT_DIG:       ds 1
1010                    CONT_TICKS:     ds 1
1011                    DT:             ds 1
1012                    BIN1:           ds 1
1013                    BIN2:           ds 1
1014                    BCD_L:          ds 1
1015                    LOW:            ds 1
1016 00                 VMAX:           db 0
1017                    TEMP:           ds 1
1018                    BCD1:           ds 1
1019                    BCD2:           ds 1
101a                    DISP1:          ds 1
101b                    DISP2:          ds 1
101c                    DISP3:          ds 1
101d                    DISP4:          ds 1
101e                    CONT_7SEG:      ds 2
1020                    Cont_Delay:     ds 1
                        ; constantes
1021 64                 D2mS:           db 100
1022 0d                 D260uS:         db 13
1023 02                 D40uS:          db 2
1024 01                 CLEAR_LCD:      db $01
1025 80                 ADD_L1:         db $80
1026 c0                 ADD_L2:         db $C0
                        
                        
1030                                    org $1030
1030 01 02 03 04 05 06  Teclas:         db $01,$02,$03,$04,$05,$06,$07,$08,$09,$0B,$00,$0E ; Posibles teclas
     07 08 09 0b 00 0e
                        
                        
1040                                    org $1040
1040 3f 06 5b 4f 66 6d  SEGMENT:        db $3F,$06,$5B,$4F,$66,$6D,$7D,$07,$7F,$6F
     7d 07 7f 6f
                        
                        
1050                                    org $1050
1050 04 28 28 06 0c     iniDsp:         db 4,FUNCTION_SET,FUNCTION_SET,ENTRY_MODE_SET,DISPLAY_ON
                        
                        ; MENSAJES Y CONSTANTES
1060                                    org $1060
                                        
1060 4d 4f 44 4f 20 43  CONFIG_MSG1:    fcc "MODO CONFIG"
     4f 4e 46 49 47
106b 00                                 db $00
106c 49 6e 67 72 65 73  CONFIG_MSG2:    fcc "Ingrese CantPQ:"
     65 20 43 61 6e 74
     50 51 3a
107b 00                                 db $00
107c 4d 4f 44 4f 20 52  RUN_MSG1:       fcc "MODO RUN"
     55 4e
1084 00                                 db $00
1085 41 63 6d 50 51 20  RUN_MSG2:       fcc "AcmPQ   CUENTA"
     20 20 43 55 45 4e
     54 41
1093 00                                 db $00
                                        
                        ;LCD:
0028                    FUNCTION_SET:   equ $28
0006                    ENTRY_MODE_SET: equ $06
000c                    DISPLAY_ON:     equ $0C
0001                    CLEAR_DISPLAY:  equ $01
0002                    RETURN_HOME:    equ $02
0080                    DDRAM_ADDR1:    equ $80
00c0                    DDRAM_ADDR2:    equ $C0
0000                    EOM:            equ $00
                        
                        
                        
                        ; Vectores para interrupciones
3e70                                    org $3E70
3e70 24 9c                              dw RTI_ISR
3e4c                                    org $3E4C
3e4c 24 b0                              dw PTH_ISR
3e66                                    org $3e66
3e66 22 b7                              dw OC4_ISR
                        
                        ;------------------------------------------------------------------------------
                        ;                       PROGRAMA
                        ;------------------------------------------------------------------------------
                        
2000                        ORG $2000
                        ;Configuracion RTI:
2000 4c 38 80               BSET CRGINT %10000000 ;se habilita RTI
2003 18 0b 31 00 3b         MOVB #$31,RTICTL      ;periodo de 1.024 ms
                        
                        ;Configuracion keywakeup en puerto H:
2008 1c 02 66 0c            BSET PIEH %00001100   ;se habilita keywakeup en PH2 y PH3. Note que PH0 y PH1 se habilitan en modo RUN. PH7 es por polling.
200c 1d 02 65 ff            BCLR PPSH $FF   ;las interrupciones deben ocurrir en el flanco decreciente.
                        
                        ;Configuracion PH7 como entrada de proposito general por polling: (Dipswitch)
2010 1d 02 62 80            BCLR DDRH %10000000
                        
                        ;Configuracion del teclado en puerto A:
2014 18 0b f0 00 02         MOVB #$F0,DDRA        ;parte alta de A como salida y parte baja como entrada
2019 4c 0c 01               BSET PUCR %00000001   ;resistencias de pull-up en puerto A. Son necesarias para que haya un 1 en el PAD cuando no se presiona ningun boton del teclado.
                        
                        ;Configuracion del modulo de Timer como Output Compare en el Canal 4:
201c 4c 46 80               BSET TSCR1 %10000000 ;se habilita modulo de timer.
201f 4c 4d 03               BSET TSCR2 %00000011 ;prescaler es 2^3 = 8
2022 4c 40 10               BSET TIOS %00010000 ;se configura el canal 4 como Output Compare.
2025 4c 4c 10               BSET TIE %00010000 ;se habilita interrupcion del canal 4.
2028 4d 48 03               BCLR TCTL1 3 ;no es necesario que haya una salida en puerto T. Solo se requiere la interrupcion.
                        
                        ;Configuracion de los displays de 7 segmentos y los LEDS.
202b 18 0b ff 00 03         MOVB #$FF,DDRB ;puerto core B se configura como salida de proposito general. (LEDS y SEGMENTOS)
2030 18 0b 0f 02 5a         MOVB #$0F,DDRP ;parte baja de puerto P se configura como salida de proposito general. (~Habilitador Segmentos)
2035 1c 02 6a 02            BSET DDRJ %00000010 ;se configura bit 1 del puerto J como salida de proposito general . (~Habilitador LEDS)
                        
                        ;Configuracion de la salida SAL: relay en puerto PORTE4.
2039 18 0b 04 00 09         MOVB #$04,DDRE ;se configura PORTE4 como salida
                        
                        ;Configuracion de pantalla LCD
203e 18 0b ff 00 33         MOVB #$FF,DDRK ;todos los pines del puerto K se configura como salida para controlar la LCD.
                        
2043 10 ef                  CLI        ;habilita interrupciones mascarables.
                        ;------------------------------------------------------------------------------
                        ;                       Inicializacion de variables
                        ;------------------------------------------------------------------------------
2045 cf 3b ff               LDS #$3BFF  ;inicializa el stack
                        ;Teclado matricial:
2048 18 0b ff 10 02         MOVB #$FF,Tecla
204d 18 0b ff 10 03         MOVB #$FF,Tecla_IN
2052 18 0b ff 10 07         MOVB #$FF,Num_Array
2057 79 10 04               CLR Cont_Reb
205a 79 10 05               CLR Cont_TCL
205d 79 10 06               CLR Patron
                        
                        ;Displays de 7 segmentos y LEDS:
2060 79 10 1e               CLR CONT_7SEG
2063 79 10 10               CLR CONT_TICKS
2066 79 10 0f               CLR CONT_DIG
2069 18 0b 32 10 0e         MOVB #50,BRILLO
206e 18 0b 02 10 0d         MOVB #$02,LEDS
2073 79 10 18               CLR BCD1
2076 79 10 19               CLR BCD2
2079 18 0c 10 40 10 1c      MOVB SEGMENT,DISP3 ;para tener DISP3 produciendo un 0
207f 18 0c 10 40 10 1d      MOVB SEGMENT,DISP4 ;para tener DISP4 produciendo un 0. Importa mas que nada si se desea que en DISP3 y DISP4 presenten el ultimo valor valido introducido de CantPQ, con OC4
                        
                        ;Programa:
2085 79 10 0b               CLR CantPQ
2088 79 10 09               CLR CUENTA
208b 18 0c 10 16 10 0c      MOVB VMAX,TIMER_CUENTA
2091 79 10 0a               CLR AcmPQ
2094 79 10 00               CLR Banderas
2097 1c 10 00 10            BSET Banderas,%00010000 ;CambMod=1 (MODO_CONFIG)
                        
209b dc 44                  LDD TCNT ;se carga el valor actual de TCNT para reajustar el output compare
209d c3 00 3c               ADDD #60 ;60 cuentas equivalen 50kHz con prescalador=8
20a0 5c 58                  STD TC4 ;se actualiza el nuevo valor a alcanzar.
20a2 16 21 41               JSR INIT_LCD
                        ;------------------------------------------------------------------------------
20a5                    MAIN:
20a5 f7 10 0b               TST CantPQ
20a8 27 28                  BEQ ESTADO_ZERO ;CantPQ=0? Ir a CONFIG
20aa 16 21 0f               JSR DETERMINE_MODE
20ad 1e 10 00 08 24         BRSET Banderas %00001000 CONFIG_LCD ;ModActual=1? Ir a INIT_CONFIG
                        
20b2                    RUN:
20b2 1f 10 00 10 16         BRCLR Banderas %00010000 EX_RUN ;CambMod=0? Ir a EX_RUN
20b7                    INIT_RUN:
20b7 1c 02 66 03            BSET PIEH %00000011 ;habilita keywakeup para PH0 y PH1
20bb 18 0b 01 10 0d         MOVB #$01,LEDS ;PB0=ON en modo config.
20c0 ce 10 7c               LDX #RUN_MSG1
20c3 cd 10 85               LDY #RUN_MSG2
20c6 1d 10 00 10            BCLR Banderas %00010000 ;CambMod=0
20ca 16 21 c3               JSR Cargar_LCD
20cd                    EX_RUN:
20cd 16 24 64               JSR MODO_RUN
20d0 20 d3                  BRA MAIN
                            
20d2 1c 10 00 08        ESTADO_ZERO:            bset Banderas,$08
                        
20d6 4c 38 80           CONFIG_LCD:             bset CRGINT,$80 ;NO ES NECESARIA, CRGINT YA HABILITADAS
20d9 1f 10 00 10 2b                             brclr Banderas,$10,CALL_CONFIG  ; Entra SOLO en primera iteraciï¿½n
20de 1d 10 00 10                                bclr Banderas,$10 ; se pone cambio de modo en 0
                        
20e2 1d 02 66 03                                bclr PIEH,$03     ;se deshabilitan puertos H 0 y 1
20e6 1d 10 00 10                                bclr Banderas,$10
                        
20ea ce 10 60                                   ldx #CONFIG_MSG1
20ed cd 10 6c                                   ldy #CONFIG_MSG2
                        
20f0 79 10 09                                   clr CUENTA
20f3 79 10 0a                                   clr AcmPQ
                        
20f6 18 0b 00 00 08                             movb #$00,PORTE
20fb 18 0b 02 10 0d                             movb #$02,LEDS ; enciende led pb1
                        
2100 18 0c 10 0b 10 12                          movb CantPQ,BIN1
                        
                                                ; CONFIGURACION PREVIA AL LCD, en primera iter entra acï¿½
                        
2106 16 21 c3                                   jsr CARGAR_LCD
                        
                        
                        
2109 16 21 69           CALL_CONFIG:            jsr MODO_CONFIG
                        
                        
210c 06 20 a5           volver_main:            jmp MAIN
                            
                            
210f                    DETERMINE_MODE:
210f b6 02 61                           LDAA PTIH
2112 48                                 LSLA ;PTH7 esta en C
2113 25 0f                              BCS MODSEL1 ;se revisa si MODSEL esta en 1
2115 1f 10 00 08 26                     BRCLR Banderas %00001000 FIN_DETERMINE ;MODSEL es 0, se verifica por modo RUN
211a 1d 10 00 08                        BCLR Banderas %00001000 ;MODSEL es 0, se pone ModActual en Banderas en 0
211e 1c 10 00 10                        BSET Banderas %00010000 ;Se denota que hubo un cambio de modo con CambMod=1
2122 20 0d                              BRA CLEAN_SCREEN ;se limpia la pantalla si hubo un cambio de modo
2124                    MODSEL1:
2124 1e 10 00 08 17                     BRSET Banderas %00001000 FIN_DETERMINE ;MODSEL es 1, se verifica por modo CONFIG
2129 1c 10 00 08                        BSET Banderas %00001000 ;MODSEL es 1, se pone ModActual en Banderas en 1
212d 1c 10 00 10                        BSET Banderas %00010000 ;Se denota que hubo un cambio de modo con CambMod=1
2131                    CLEAN_SCREEN:
2131 b6 10 24                           LDAA CLEAR_LCD ;cuando se cambia de modo, se limpia la pantalla
2134 16 22 51                           JSR Send_Command ;envio de comando de limpieza de pantalla
2137 18 0c 10 21 10 20                  MOVB D2ms,Cont_Delay ;luego de enviar comando limpiar pantalla se debe esperar 2ms
213d 16 22 b1                           JSR Delay
2140                    FIN_DETERMINE:
2140 3d                                 RTS
                                        
                        ;------------------------------------------------------------------------------
2141                    INIT_LCD:
2141 ce 10 51                           LDX #iniDsp+1 ;Se carga en X la tabla que contiene los comandos de inicializacion. Posicion 0 tiene el tamano de la tabla.
2144 c7                                 CLRB
2145                    COMMANDS:
2145 a6 e5                              LDAA B,X ;Se recorren los comandos con direccionamiento indexado por acumulador B
2147 16 22 51                           JSR Send_Command ;Se ejecuta cada comando
214a 18 0c 10 23 10 20                  MOVB D40us,Cont_Delay ;40us son necesarios luego de enviar cualquiera de los comando de inicializacion
2150 16 22 b1                           JSR Delay
2153 52                                 INCB ;siguiente comando
2154 f1 10 50                           CMPB iniDsp
2157 26 ec                              BNE COMMANDS ;Si ya se ejecutaron todos los comandos de la tabla, terminar comandos de inicialización
2159 b6 10 24                           LDAA CLEAR_LCD ;Cargar comando de limpiar pantalla
215c 16 22 51                           JSR Send_Command ;enviar comando de limpiar pantalla
215f 18 0c 10 21 10 20                  MOVB D2ms,Cont_Delay ;luego de enviar comando limpiar pantalla se debe esperar 2ms
2165 16 22 b1                           JSR Delay
2168 3d                                 RTS
                        
                        
                        ;-------------------------------------------------------------------------------
                        
                        
                        
                        
                        ;-------------------------------------------------------------------------------
                        
2169 18 0c 10 0b 10 12  MODO_CONFIG:            movb CantPQ, BIN1
216f 1e 10 00 04 04                             brset Banderas,$04,DATA_CHECK
2174 16 23 76                                   jsr TAREA_TECLADO
2177 3d                                         rts
                        
                        
2178 16 21 9f           DATA_CHECK:             jsr BCD_BIN
217b 86 19                                      ldaa #25
217d b1 10 0b                                   cmpa CantPQ
2180 2e 07                                      bgt INVALIDO
2182 86 55                                      ldaa #85
2184 b1 10 0b                                   cmpa CantPQ
2187 2c 09                                      bge VALIDO
                        
2189 1d 10 00 04        INVALIDO:               bclr Banderas,$04
218d 1d 10 0b ff                                bclr CantPQ,$FF
2191 3d                                         rts
                                        
2192 1d 10 00 04        VALIDO:                        bclr Banderas, $04
2196 18 0c 10 0b 10 12                          movb CantPQ,BIN1
219c 3d                                         rts
                                        
                                        
                        
                                        
219d 20 fe              ending: bra *
                        ;-------------------------------------------------------------------------------
                        
219f ce 10 07           BCD_BIN:        ldx #Num_Array
21a2 e6 01                              ldab 1,x
21a4 c1 ff                              cmpb #$FF
21a6 27 05                              beq UNIDAD
21a8 7b 10 0b                           stab CantPQ
21ab 20 07                              bra DECENA
                                        
21ad 18 0c 10 07 10 0b  UNIDAD:         movb Num_Array,CantPQ
21b3 3d                                 rts
                        
21b4 87                 DECENA:                clra
21b5 f6 10 07                           ldab Num_Array
21b8 cd 00 0a                           ldy #10
21bb 13                                 emul
                        
21bc fb 10 0b                           addb CantPQ
21bf 7b 10 0b                           stab CantPQ
                        
21c2 3d                                 rts
                        ;-------------------------------------------------------------------------------
21c3 b6 10 25           Cargar_LCD:     ldaa ADD_L1
21c6 16 22 51                           jsr Send_Command
21c9 18 0c 10 23 10 20                  movb D40uS,Cont_Delay
21cf 16 22 b1                           jsr Delay
                                        
21d2 a6 30              LINEA1:         ldaa 1,x+ ;Se va cargando mensaje
21d4 81 00                              cmpa #$00
21d6 27 0e                              beq CARGAR_LINEA2
                                        
21d8 16 22 84                           jsr Send_Data
                                        
21db 18 0c 10 23 10 20                  movb D40uS,Cont_Delay
21e1 16 22 b1                           jsr Delay
21e4 20 ec                              bra LINEA1
                                        
                                        
21e6 b6 10 26           CARGAR_LINEA2:  ldaa ADD_L2
21e9 16 22 51                           jsr Send_Command
21ec 18 0c 10 23 10 20                  movb D40uS,Cont_Delay
21f2 16 22 b1                           jsr Delay
                        
                        
21f5 a6 70              LINEA2:         ldaa 1,y+
21f7 81 00                              cmpa #$00
21f9 27 0e                              beq TERMINA_LCD
21fb 16 22 84                           jsr Send_Data
21fe 18 0c 10 23 10 20                  movb D40uS,Cont_Delay
2204 16 22 b1                           jsr Delay
2207 20 ec                              bra LINEA2
                        
2209 3d                 TERMINA_LCD:           rts
                        
220a b6 10 25           Cargar_LCD2:     ldaa ADD_L1
220d 16 22 51                           jsr Send_Command
2210 18 0c 10 23 10 20                  movb D40uS,Cont_Delay
2216 16 22 b1                           jsr Delay
                        
2219 a6 30              LINEA12:         ldaa 1,x+ ;Se va cargando mensaje
221b 81 00                              cmpa #$00
221d 27 0e                              beq CARGAR_LINEA22
                        
221f 16 22 84                           jsr Send_Data
                        
2222 18 0c 10 23 10 20                  movb D40uS,Cont_Delay
2228 16 22 b1                           jsr Delay
222b 20 ec                              bra LINEA12
                        
                        
222d b6 10 26           CARGAR_LINEA22:  ldaa ADD_L2
2230 16 22 51                           jsr Send_Command
2233 18 0c 10 23 10 20                  movb D40uS,Cont_Delay
2239 16 22 b1                           jsr Delay
                        
                        
223c a6 70              LINEA22:         ldaa 1,y+
223e 81 00                              cmpa #$00
2240 27 0e                              beq TERMINA_LCD2
2242 16 22 84                           jsr Send_Data
2245 18 0c 10 23 10 20                  movb D40uS,Cont_Delay
224b 16 22 b1                           jsr Delay
224e 20 ec                              bra LINEA22
                        
2250 3d                 TERMINA_LCD2:           rts
                        
                        ;-------------------------------------------------------------------------------
2251 36                 Send_Command:   psha
2252 84 f0                              anda #$F0
2254 44                                 lsra
2255 44                                 lsra
                        
2256 5a 32                              staa PORTK
2258 4d 32 01                           bclr PORTK,$01
225b 4c 32 02                           bset PORTK,$02
                        
225e 18 0c 10 22 10 20                  movb D260uS,Cont_Delay
2264 16 22 b1                           jsr Delay
                        
2267 4d 32 02                           bclr PORTK,$02
226a 32                                 pula
226b 84 0f                              anda #$0F
226d 48                                 lsla
226e 48                                 lsla
                        
226f 5a 32                              staa PORTK
2271 4d 32 01                           bclr PORTK,$01
2274 4c 32 02                           bset PORTK,$02
                        
2277 18 0c 10 22 10 20                  movb D260uS,Cont_Delay
227d 16 22 b1                           jsr Delay
                        
2280 4d 32 02                           bclr PORTK,$02
2283 3d                                 rts
                                        
                        
2284                    Send_Data:
2284 36                                 PSHA ;el dato se recibe en acumulador A y se protege para poder analizar sus nibbles por separado
2285 84 f0                              ANDA #$F0 ;Se deja solo el nibble superior del dato
2287 44                                 LSRA
2288 44                                 LSRA ;se alinea nibble con bus datos en PORTK5-PORTK2.
2289 5a 32                              STAA PORTK ;se carga parte alta del dato en el bus de datos.
228b 4c 32 03                           BSET PORTK,$03 ;Se habilita el envio de dato y comunicacion con la LCD
228e 18 0c 10 22 10 20                  MOVB D260us,Cont_Delay ;se inicia el retardo de 260us
2294 16 22 b1                           JSR Delay
2297 4d 32 02                           BCLR PORTK,$02 ;Se deshabilita comunicacion con la LCD
229a 32                                 PULA ;se recupera el dato original de la pila
229b 84 0f                              ANDA #$0F ;Se deja solo el nibble inferior del dato
229d 48                                 LSLA
229e 48                                 LSLA ;se alinea nibble con bus datos en PORTK5-PORTK2.
229f 5a 32                              STAA PORTK ;se carga parte baja del dato en el bus de datos.
22a1 4c 32 03                           BSET PORTK,$03 ;Se habilita envio de datos y comunicacion con la LCD
22a4 18 0c 10 22 10 20                  MOVB D260us,Cont_Delay ;se inicia el retardo de 260us.
22aa 16 22 b1                           JSR Delay
22ad 4d 32 02                           BCLR PORTK,$02 ;Se deshabilita comunicacion con la LCD
22b0 3d                                 RTS
                        
                        
                        
                        ;-------------------------------------------------------------------------------
22b1 f7 10 20           Delay:  tst Cont_Delay
22b4 26 fb                      bne Delay
22b6 3d                         rts
                        
                        ;-------------------------------------------------------------------------------
22b7 f7 10 20           OC4_ISR:        tst Cont_Delay
22ba 27 03                              beq REFRESH
22bc 73 10 20                           dec Cont_Delay
                        
22bf                    REFRESH:
22bf fc 10 1e                           LDD CONT_7SEG ;por tratarse de un WORD se debe traer al registro D para restarle 1
22c2 83 00 01                           SUBD #1
22c5 7c 10 1e                           STD CONT_7SEG ;se guarda el nuevo valor, y esto a la vez afecta la bandera Z
22c8 26 0c                              BNE SELECT_DISP ;cuando CONT_7SEG=0 se refrescan los valores de los displays
22ca 18 03 13 88 10 1e                  MOVW #5000,CONT_7SEG ;se reinicia el contador de refrescamiento de la informacion
22d0 16 25 9f                           JSR CONV_BIN_BCD
22d3 16 24 fe                           JSR BCD_7SEG ;se refresca la informacion
22d6                    SELECT_DISP:
22d6 86 64                              LDAA #100
22d8 b1 10 10                           CMPA CONT_TICKS ;cuando CONT_TICKS=N se debe cambiar de digito
22db 26 10                              BNE MULTIPLEX ;si no es igual entonces no hay que cambiar de digito y se puede continuar
22dd 79 10 10                           CLR CONT_TICKS ;se reinicia el contador de ticks
22e0 72 10 0f                           INC CONT_DIG ;se pasa al siguiente digito
22e3 86 05                              LDAA #5
22e5 b1 10 0f                           CMPA CONT_DIG ;cuando CONT_DIG alcance 5 se debe volver a colocar en 0 para que sea circular
22e8 26 03                              BNE MULTIPLEX ;si no es 5 no hay que corregir nada y se puede continuar
22ea 79 10 0f                           CLR CONT_DIG
22ed                    MULTIPLEX:
22ed 86 64                              LDAA #100
22ef b0 10 0e                           SUBA BRILLO
22f2 7a 10 11                           STAA DT
22f5 f7 10 10                           TST CONT_TICKS
22f8 26 5c                              BNE DUTY_CYCLE ;cuando CONT_TICKS=0 se debe habiliar algun Display. Si no, se puede pasar a comprobar el ciclo de trabajo
22fa 18 0b 02 02 68                     MOVB #$02,PTJ ;se deshabilitan los LEDS
22ff 18 0b ff 02 58                     MOVB #$FF,PTP ;se deshabilitan displays de 7 segmentos
2304 b6 10 0f                           LDAA CONT_DIG ;se comparan todos los posibles valores para determinar cual display encender
2307 81 00                              CMPA #0
2309 27 19                              BEQ DIG0
230b 81 01                              CMPA #1
230d 27 22                              BEQ DIG1
230f 81 02                              CMPA #2
2311 27 2b                              BEQ DIG2
2313 81 03                              CMPA #3
2315 27 34                              BEQ DIG3
                                        ;Ningun Display se debe habilitar, entonces son los LEDS
2317 18 0b 00 02 68                     MOVB #$00,PTJ ;se habilitan los LEDS
231c 18 0c 10 0d 00 01                  MOVB LEDS,PORTB ;se coloca en puerto B el estado de los LEDS.
2322 20 32                              BRA DUTY_CYCLE ;se pasa a comprobar el ciclo de trabajo
2324                    DIG0:
2324 18 0b f7 02 58                     MOVB #$F7,PTP ;se habilita unicamente el display 4
2329 18 0c 10 1d 00 01                  MOVB DISP4,PORTB ;se coloca en el puerto B el valor del display 4
232f 20 25                              BRA DUTY_CYCLE
2331                    DIG1:
2331 18 0b fb 02 58                     MOVB #$FB,PTP ;se habilita unicamente el display 3
2336 18 0c 10 1c 00 01                  MOVB DISP3,PORTB ;se coloca en el puerto B el valor del display 3
233c 20 18                              BRA DUTY_CYCLE
233e                    DIG2:
233e 18 0b fd 02 58                     MOVB #$FD,PTP ;se habilita unicamente el display 2
2343 18 0c 10 1b 00 01                  MOVB DISP2,PORTB ;se coloca en el puerto B el valor del display 2
2349 20 0b                              BRA DUTY_CYCLE
234b                    DIG3:
234b 18 0b fe 02 58                     MOVB #$FE,PTP ;se habilita unicamente el display 1
2350 18 0c 10 1a 00 01                  MOVB DISP1,PORTB ;se coloca en el puerto B el valor del display 1
2356                    DUTY_CYCLE:
2356 b6 10 10                           LDAA CONT_TICKS
2359 b1 10 11                           CMPA DT
235c 26 0a                              BNE FIN_OC4
235e 18 0b ff 02 58                     MOVB #$FF,PTP ;se deshabilitan displays de 7 segmentos
2363 18 0b 02 02 68                     MOVB #$02,PTJ ;se deshabilitan los LEDS
2368                    FIN_OC4:
2368 72 10 10                           INC CONT_TICKS
236b 4c 4e 10                           BSET TFLG1 %00010000 ;se reinicia la bandera de interrupcion
236e dc 44                              LDD TCNT ;se carga el valor actual de TCNT para reajustar el output compare
2370 c3 00 3c                           ADDD #60 ;60 cuentas equivalen 50kHz con prescalador=8
2373 5c 58                              STD TC4 ;se actualiza el nuevo valor a alcanzar.
2375 0b                                 RTI
                        
                        ;-------------------------------------------------------------------------------
                        
                        ;-------------------------------------------------------------------------------
2376                    TAREA_TECLADO:
2376 b6 10 04                   Ldaa Cont_Reb
2379 81 00                      Cmpa #0
237b 26 4a                      Bne RETORNAR
237d 16 23 c8                   Jsr MUX_TECLADO
2380 b6 10 02                   Ldaa Tecla
2383 81 ff                      Cmpa #$FF
2385 26 0e                      Bne PRESIONADA
2387 1f 10 00 01 3b             Brclr Banderas,$01,RETORNAR                 ; Si TCL_LISTA es 0, no hay tecla que registrar por lo que se termina la subrutina
238c 1d 10 00 03                Bclr Banderas,#$03                         ; Caso contrario se registra la tecla. Se ponen en 0 TCL_LISTA y TCL_LEIDA para la siguiente tecla
2390 16 23 fe                   Jsr FORMAR_ARRAY
2393 20 32                      Bra RETORNAR
                        
2395                    PRESIONADA:
2395 1f 10 00 02 0e             Brclr Banderas,$02,NotProc
239a b6 10 03                   Ldaa Tecla_IN
239d b1 10 02                   Cmpa Tecla
23a0 26 17                      Bne Delete
23a2 1c 10 00 01                Bset Banderas,$01                         ; La tecla esta lista para registro
23a6 20 1f                      bra RETORNAR
                        
                        
                        
23a8                    NotProc:
23a8 18 0c 10 02 10 03          Movb Tecla, Tecla_IN
23ae 1c 10 00 02                Bset Banderas, #2
23b2 18 0b 0a 10 04             Movb #10,Cont_Reb
23b7 20 0e                      Bra RETORNAR
                        
23b9 18 0b ff 10 02     DELETE: Movb #$FF,Tecla
23be 18 0b ff 10 03             Movb #$FF,Tecla_IN
23c3 1d 10 00 03                Bclr Banderas, #3
                        
23c7                    RETORNAR:
23c7 3d                         RTS
                        
                        
                        ;------------------------------------------------------------------------------
23c8 18 0b ef 10 06     MUX_TECLADO:    movb #$EF,Patron                ; Patron inicial
23cd cc f0 00                           ldd #$F000                       ; final cuando se desplaza patron
                        
23d0 18 0c 10 06 00 00  BUSCAR_COLUMNA: movb Patron,PORTA
23d6 4f 00 08 18                        brclr PORTA,$08,columna2            ; Verificamos se la tecla estï¿½ en la columna2
23da 4f 00 04 15                        brclr PORTA,$04,columna1
23de 4f 00 02 12                        brclr PORTA,$02,columna0
23e2 78 10 06                           lsl Patron                          ; Se desplaza el patron para verificar siguiente fila
23e5 cb 03                              addb #3                             ; Se suman 3 para aumentar esa cantidad en el array de posibilidades
23e7 b1 10 06                           cmpa Patron
23ea 26 e4                              bne BUSCAR_COLUMNA
23ec 18 0b ff 10 02                     movb #$FF,Tecla
23f1 3d                 TERMINAR:       rts
                        
23f2 52                 columna2:       incb                                ; Incrementa en 2 si salta acï¿½
23f3 52                 columna1:       incb                                ; Incrementa en 1 si salta acï¿½
23f4 ce 10 30           columna0:       ldx #Teclas
23f7 18 0d e5 10 02                     movb B,X,Tecla                      ; Se mueve la tecla encontrada
23fc 20 f3                              bra TERMINAR
                        
                        ;------------------------------------------------------------------------------
23fe b6 10 03           FORMAR_ARRAY:   ldaa Tecla_IN                   ; valor ingresado
2401 f6 10 05                           ldab Cont_TCL                   ; cantidad de numeros
2404 ce 10 07                           ldx #Num_Array                   ; Posiciï¿½n del array
                        
2407 f1 10 01                           cmpb MAX_TCL                    ; comparamos si ya estï¿½ lleno
240a 27 13                              beq ARRAY_LLENO
240c c1 00                              cmpb #0                         ; vemos si estï¿½ vacï¿½o
240e 27 2a                              beq PRIMER_VAL
2410 81 0b                              cmpa #$0B                       ; tecla borrar
2412 27 42                              beq BORRAR
2414 81 0e                              cmpa #$0E                       ; tecla enter
2416 27 34                              beq ENTER
2418 6a e5                              staa b,x                        ; guarda en Num_array + cont_TCL
241a 72 10 05                           inc Cont_TCL
241d 20 3f                              bra end_formar
                        
241f 81 0b              ARRAY_LLENO:    cmpa #$0B
2421 26 0a                              bne ARRAY_LLENO_1
2423 53                                 decb
2424 18 08 e5 ff                        movb #$FF,b,x                    ; Para borrar reemplazamos valor actual con ff
2428 73 10 05                           dec Cont_TCL
242b 20 31                              bra end_formar
                        
242d 81 0e              ARRAY_LLENO_1:  cmpa #$0E                         ; es enter?
242f 26 2d                              bne end_formar
2431 1c 10 00 04                        bset Banderas,$04                ; bandera de array ok
2435 79 10 05                           clr Cont_TCL                     ; vacï¿½a contador tc
2438 20 24                              bra end_formar
                        
243a 81 0b              PRIMER_VAL:     cmpa #$0B
243c 27 20                              beq end_formar                         ; terminar
                        
243e 81 0e              PRIMER_VAL_1:   cmpa #$0E
2440 27 1c                              beq end_formar
2442 18 09 e5 10 03                     movb Tecla_IN,b,x
2447 72 10 05                           inc Cont_TCL
244a 20 12                              bra end_formar
                        
244c 1c 10 00 04        ENTER:          bset Banderas,#$04                    ; bandera de array_ok
2450 1d 10 05 ff                        bclr Cont_TCL,#$FF                    ; pone contador en 0
2454 20 08                              bra end_formar
                        
                        
2456 73 10 05           BORRAR:         dec Cont_TCL
2459 53                                 decb
245a 18 08 e5 ff                        movb #$FF,b,x
                        
                        
245e 18 0b ff 10 03     end_formar:     movb #$FF,Tecla_IN
2463 3d                                 rts
                        ;-------------------------------------------------------------------------------
2464                    MODO_RUN:
2464 f7 10 0c                           Tst TIMER_CUENTA ;si timer cuenta es cero
2467 26 26                              Bne Fin_Run ;si no lo es, se retorna
                                        ;Caso en que timer cuenta es cero
2469 18 0c 10 16 10 0c                  Movb VMAX,TIMER_CUENTA ;se recarga con vmax
246f 72 10 09                           Inc CUENTA ;incrementamos cuenta
2472 b6 10 09                           Ldaa CUENTA ;
2475 b1 10 0b                           Cmpa CantPQ ;
2478 26 15                              Bne Fin_Run ;si cant!=cuenta
247a 72 10 0a                           Inc AcmPQ ;se incrementa AcmPQ
247d 4d 38 80                           Bclr CRGINT %10000000 ;se deshabilitamos RTI
2480 18 0b 04 00 08                     Movb #$04,PORTE ;se activa el relay
2485 86 64                              Ldaa #100
2487 b1 10 0a                           Cmpa AcmPQ ;se ve si AcmPQ ha llegado a 100 por rebase
248a 26 03                              Bne Fin_Run ;si no se ha llegado a 100, retorna
248c 79 10 0a                           CLR AcmPQ ;si se llega a 100, se hace rebase
248f                    Fin_Run:
248f 18 0c 10 09 10 12                  MOVB CUENTA,BIN1
2495 18 0c 10 0a 10 13                  MOVB AcmPQ,BIN2
249b 3d                                 RTS
                        
                        ;------------------------------------------------------------------------------
249c                    RTI_ISR:
249c 4c 37 80                           BSET CRGFLG %10000000 ;se limpia la bandera de interrupcion RTI
249f f7 10 04                           TST Cont_Reb ;se ve si el contador de rebotes llego a 0
24a2 27 03                              BEQ CHECK_TIMER;si no, se pasa a revisar el timer
24a4 73 10 04                           DEC Cont_Reb
24a7                    CHECK_TIMER:
24a7 f7 10 0c                           TST TIMER_CUENTA ;se revisa si el timer ha llegado a 0
24aa 27 03                              BEQ FIN_RTI
24ac 73 10 0c                           DEC TIMER_CUENTA
24af                    FIN_RTI:
24af 0b                                 RTI
                        
                        ;------------------------------------------------------------------------------
                        ;   Subrutina de servicio a interrupcion keywakeup en puerto H: revisa las 4
                        ;     posibles fuentes de interrupcion PH0, PH1, PH2, PH3. La primer borra el
                        ;     valor de CUENTA, la segunda borra el valor de AcmPQ, la tercera disminuye
                        ;     el brillo en un 5%, la cuarta aumenta el brillo en un 5%.
                        ;------------------------------------------------------------------------------
24b0                    PTH_ISR:
24b0 1e 10 00 08 20                     BRSET Banderas %00001000 NO_RUN ;las interrupciones PTH
24b5 1f 02 67 01 0f                     BRCLR PIFH $01 PTH1 ;si es 1, se revisa por la siguiente fuente de interrupcion
24ba 1c 02 67 01                        BSET PIFH $01 ;se apaga la bandera de la fuente de interrupcion
24be 4c 38 80                           BSET CRGINT %10000000 ;Habilita interrupciones de RTI
24c1 18 0b 00 00 08                     MOVB #$00,PORTE ;se apaga el relay
24c6 79 10 09                           CLR CUENTA ;se reinicia la cuenta
24c9                    PTH1:
24c9 1f 02 67 02 07                     BRCLR PIFH $02 NO_RUN ;si es 1, se revisa por la siguiente fuente de interrupcion
24ce 1c 02 67 02                        BSET PIFH $02 ;se apaga la bandera de la fuente de interrupcion
24d2 79 10 0a                           CLR AcmPQ ;se limpia el acumulador
24d5                    NO_RUN:
24d5 b6 10 0e           		LDAA BRILLO
24d8 c6 05                              LDAB #5
24da 1f 02 67 04 0c                     BRCLR PIFH $04 PTH3 ;si es 1, se revisa por la siguiente fuente de interrupcion
24df 1c 02 67 04                        BSET PIFH $04 ;se apaga la bandera de la fuente de interrupcion
24e3 97                                 TSTA
24e4 27 05                              BEQ PTH3 ;si BRILLO es 0, no se le puede restar 5 y se revisa por la siguiente interrupcion
24e6 18 16                              SBA
24e8 7a 10 0e                           STAA BRILLO ;se le resta 5 a BRILLO
24eb                    PTH3:
24eb 1f 02 67 08 0d                     BRCLR PIFH $08 FIN_PTH ;si es 1, se termina la subrutina
24f0 1c 02 67 08                        BSET PIFH $08 ;se apaga la bandera de la fuente de interrupcion
24f4 81 64                              CMPA #100
24f6 27 05                              BEQ FIN_PTH ;si BRILLO es 100, no se le puede sumar 5 y se termina la rutina
24f8 18 06                              ABA
24fa 7a 10 0e                           STAA BRILLO ;se le suma 5 a BRILLO
24fd                    FIN_PTH:
24fd 0b                                 RTI ;termina la rutina de atencion a interrupciones
                                        
                                        
                        ;------------------------------------------------------------------------------
                        
24fe                    BCD_7SEG:
24fe f7 10 0b                           TST CantPQ
2501 26 14                              BNE CONVERSION ;cuando CPROG es cero se deben forzar al display ambos ceros.
2503 79 10 1a                           CLR DISP1 ;apaga displays de ACUMUL
2506 79 10 1b                           CLR DISP2 ;apaga displays de ACUMUL
2509 18 0c 10 40 10 1c                  MOVB SEGMENT,DISP3 ;fuerza el cero en displays de CUENTA
250f 18 0c 10 40 10 1d                  MOVB SEGMENT,DISP4 ;fuerza el cero en displays de CUENTA. Si se quisiera poner el ultimo valor valido, se borran estas 2 lineas
2515 20 5a                              BRA FIN_BCD_7SEG
                        
2517                    CONVERSION:
2517 ce 10 40                           LDX #SEGMENT ;direccion base de los valores para escribir en el puerto B.
251a c6 0f                              LDAB #$0F ;mascara para nibble menos significativo
251c 86 f0                              LDAA #$F0 ;mascara para nibble mas significativo
251e f4 10 18                           ANDB BCD1 ;se extrae el nibble menos significativo de BCD1.
2521 18 0d e5 10 1d                     MOVB B,X,DISP4
2526 b4 10 18                           ANDA BCD1 ;se extrae el nibble mas significativo de BCD1.
2529 81 b0                              CMPA #$B0
252b 27 0b                              BEQ DISP3_OFF ;cuando el nibble mas significativo es $B se debe apagar el DISP3
252d 44                                 LSRA
252e 44                                 LSRA
252f 44                                 LSRA
2530 44                                 LSRA ;se traslada el nibble mas significativo a la parte baja del byte.
2531 18 0d e4 10 1c                     MOVB A,X,DISP3
2536 20 05                              BRA AHORA_BCD2
2538                    DISP3_OFF:
2538 18 0b 00 10 1c                     MOVB #$00,DISP3
                        
253d                    AHORA_BCD2:
253d 1e 10 00 08 25                     BRSET Banderas %00001000 NO_BCD2
2542 c6 0f                              LDAB #$0F ;mascara para nibble menos significativo
2544 86 f0                              LDAA #$F0 ;mascara para nibble mas significativo
2546 f4 10 19                           ANDB BCD2 ;se extrae el nibble menos significativo de BCD1.
2549 18 0d e5 10 1b                     MOVB B,X,DISP2
254e b4 10 19                           ANDA BCD2 ;se extrae el nibble mas significativo de BCD1.
2551 81 b0                              CMPA #$B0
2553 27 0b                              BEQ DISP1_OFF ;cuando el nibble mas significativo es $F se debe apagar el DISP1
2555 44                                 LSRA
2556 44                                 LSRA
2557 44                                 LSRA
2558 44                                 LSRA ;se traslada el nibble mas significativo a la parte baja del byte.
2559 18 0d e4 10 1a                     MOVB A,X,DISP1
255e 20 11                              BRA FIN_BCD_7SEG
2560                    DISP1_OFF:
2560 18 0b 00 10 1a                     MOVB #$00,DISP1
2565 20 0a                              BRA FIN_BCD_7SEG
                        
2567                    NO_BCD2:
2567 18 0b 00 10 1a                     MOVB #$00,DISP1
256c 18 0b 00 10 1b                     MOVB #$00,DISP2
2571                    FIN_BCD_7SEG:
2571 3d                                 RTS
                                        
                        ;-------------------------------------------------------------------------------
                                        
2572 c7                 BIN_BCD:        CLRB ;acumulador para el resultado.
2573 ce 00 07                           LDX #7 ;contador de desplazamiento.
2576                    NEXT_BIT:
2576 48                                 LSLA ;se extrae un bit del numero binario y queda en C
2577 55                                 ROLB ;se inserta el bit en el acumulador de resultado
2578 36                                 PSHA ;se protege el numero en conversion
2579 18 0f                              TBA ;A ahora tiene el contenido del acumulador de resultado
257b 84 0f                              ANDA #$0F ;en el nibble menos significativo de A se tienen los 4 bits correspondientes a las unidades del resultado.
257d 81 05                              CMPA #5
257f 25 02                              BLO DECENAS ;si el campo de las unidades es menor que 5 se puede continuar a analizar las decenas
2581 8b 03                              ADDA #$03 ;cuando las unidades son 5 o mas se deben sumar 3 unidades.
2583                    DECENAS:
2583 7a 10 15                           STAA LOW ;se conservan temporalmente las unidades.
2586 18 0f                              TBA ;se vuelve a cargar en A el contenido del acumulador resultado
2588 84 f0                              ANDA #$F0 ;en el nibble mas significativo de A se tienen los 4 bits correspondientes a las decenas del resultado.
258a 81 50                              CMPA #$50
258c 25 02                              BLO CONFECCIONAR ;si el campo de las unidades es menor que 5 se puede continuar a analizar las decenas
258e 8b 30                              ADDA #$30 ;cuando las decenas son 5 o mas se deben sumar 3 decenas.
2590                    CONFECCIONAR:
2590 bb 10 15                           ADDA LOW ;se suman las unidades
2593 18 0e                              TAB ;se traslada a B el nuevo resultado parcial
2595 32                                 PULA ;se recupera el numero binario que se esta convirtiendo
2596 09                                 DEX ;se decrementa el contador de desplazamientos
2597 26 dd                              BNE NEXT_BIT ;cuando el contador no es cero significa que quedan bits por analizar.
2599 48                                 LSLA ;se extrae el ultimo bit
259a 55                                 ROLB ;se inserta el ultimo bit en el resultado final.
259b 7b 10 14                           STAB BCD_L
259e 3d                                 RTS
                        
                        ;------------------------------------------------------------------------------
                        ;   Subrutina CONV_BIN_BCD: recibe como parametros de entrada las variables BIN1 y
                        ;     BIN2 y realiza la conversion a BCD de cada una de estas variables. La
                        ;     conversion de BIN2 solo se da en el modo RUN puesto que es el unico modo
                        ;     en el que BIN2 tiene valores relevantes. Ademas, luego de la conversion, si
                        ;     el numero es menor que 10 significa que el display de 7 segmentos utilizado
                        ;     para las decenas no es necesario que este encendido; en este caso se escribe
                        ;     $B en el nibble mas significativo de BCD1 y BCD2 para indicarlo.
                        ;------------------------------------------------------------------------------
259f                    CONV_BIN_BCD:
259f b6 10 12                           LDAA BIN1 ;se carga parametro de entrada a BIN_BCD_BASE
25a2 16 25 72                           JSR BIN_BCD
25a5 b6 10 14                           LDAA BCD_L
25a8 81 0a                              CMPA #10
25aa 24 04                              BHS TRF_BCD1 ;si el numero es mayor o igual a 10 no hay que apagar ninguno display
25ac 8a f0                              ORAA #$F0 ;
25ae 80 40                              SUBA #$40 ;se pone $B en nibble mas significativo para indicar que el display se debe apagar.
25b0                    TRF_BCD1:
25b0 7a 10 18                           STAA BCD1 ;se guarda resultado en variable de salida
25b3 1e 10 00 08 14                     BRSET Banderas %00001000 FIN_BIN_BCD ;en modo CONFIG (ModActual=1) no es necesario convertir BIN2
25b8 b6 10 13                           LDAA BIN2 ;se carga parametro de entrada a BIN_BCD
25bb 16 25 72                           JSR BIN_BCD
25be b6 10 14                           LDAA BCD_L
25c1 81 0a                              CMPA #10
25c3 24 04                              BHS TRF_BCD2 ;si el numero es mayor o igual a 10 no hay que apagar ninguno display
25c5 8a f0                              ORAA #$F0
25c7 80 40                              SUBA #$40 ;se pone $B en nibble mas significativo para indicar que el display se debe apagar. $F-$4=$B
25c9                    TRF_BCD2:
25c9 7a 10 19                           STAA BCD2 ;se guarda resultado en variable de salida
25cc                    FIN_BIN_BCD:
25cc 3d                                 RTS

Executed: Thu Feb 11 22:37:15 2021
Total cycles: 1694, Total bytes: 1578
Total errors: 0, Total warnings: 0
